../Core/Src/main.c:83:6:HAL_TIM_PeriodElapsedCallback	16	static
../Core/Src/main.c:108:1:__io_putchar	16	static
../Core/Src/main.c:121:5:main	8	static
../Core/Src/main.c:189:6:SystemClock_Config	72	static
../Core/Src/main.c:228:13:MX_TIM2_Init	64	static
../Core/Src/main.c:291:13:MX_TIM3_Init	48	static
../Core/Src/main.c:357:13:MX_TIM4_Init	32	static
../Core/Src/main.c:402:13:MX_USART1_UART_Init	8	static
../Core/Src/main.c:435:13:MX_USART2_UART_Init	8	static
../Core/Src/main.c:468:13:MX_GPIO_Init	40	static
../Core/Src/main.c:528:6:Error_Handler	4	static,ignoring_inline_asm
