../Core/Src/main.c:82:6:delay_us	16	static
../Core/Src/main.c:88:6:HAL_TIM_PeriodElapsedCallback	24	static
../Core/Src/main.c:141:1:__io_putchar	16	static
../Core/Src/main.c:154:5:main	8	static
../Core/Src/main.c:217:6:SystemClock_Config	72	static
../Core/Src/main.c:253:13:MX_TIM2_Init	64	static
../Core/Src/main.c:312:13:MX_TIM3_Init	48	static
../Core/Src/main.c:371:13:MX_TIM4_Init	32	static
../Core/Src/main.c:413:13:MX_USART1_UART_Init	8	static
../Core/Src/main.c:444:13:MX_USART2_UART_Init	8	static
../Core/Src/main.c:475:13:MX_GPIO_Init	40	static
../Core/Src/main.c:538:6:Error_Handler	4	static,ignoring_inline_asm
